[debug] [2026-08-07T04:58:51.109Z] ----------------------------------------------------------------------
[debug] [2026-08-07T04:58:51.118Z] Command:       /opt/homebrew/Cellar/node/25.9.0_2/bin/node /opt/homebrew/bin/firebase init
[debug] [2026-08-07T04:58:51.118Z] CLI Version:   15.26.0
[debug] [2026-08-07T04:58:51.118Z] Platform:      darwin
[debug] [2026-08-07T04:58:51.119Z] Node Version:  v25.9.0
[debug] [2026-08-07T04:58:51.119Z] Detected Agent: unknown
[debug] [2026-08-07T04:58:51.119Z] Time:          Fri Aug 07 2026 14:58:51 GMT+1000 (Australian Eastern Standard Time)
[debug] [2026-08-07T04:58:51.119Z] ----------------------------------------------------------------------
[debug] 
[info] 
     ######## #### ########  ######## ########     ###     ######  ########
     ##        ##  ##     ## ##       ##     ##  ##   ##  ##       ##
     ######    ##  ########  ######   ########  #########  ######  ######
     ##        ##  ##    ##  ##       ##     ## ##     ##       ## ##
     ##       #### ##     ## ######## ########  ##     ##  ######  ########

You're about to initialize a Firebase project in this directory:

  /Users/irisneerakal/ribe/mobile

[info] 
=== Project Setup
[info] 
[info] First, let's associate this project directory with a Firebase project.
[info] You can create multiple project aliases by running firebase use --add, 
[info] 
[debug] [2026-08-07T04:59:25.903Z] > command requires scopes: ["email","openid","https://www.googleapis.com/auth/cloudplatformprojects.readonly","https://www.googleapis.com/auth/firebase","https://www.googleapis.com/auth/cloud-platform"]
[debug] [2026-08-07T04:59:25.904Z] > authorizing via signed-in user (irisneerakal98@gmail.com)
[debug] [2026-08-07T04:59:25.942Z] Checked if tokens are valid: true, expires at: 1786082311892
[debug] [2026-08-07T04:59:25.942Z] Checked if tokens are valid: true, expires at: 1786082311892
[debug] [2026-08-07T04:59:25.944Z] >>> [apiv2][query] GET https://firebase.googleapis.com/v1beta1/projects pageSize=100
[debug] [2026-08-07T04:59:27.229Z] <<< [apiv2][status] GET https://firebase.googleapis.com/v1beta1/projects 200
[debug] [2026-08-07T04:59:27.229Z] <<< [apiv2][body] GET https://firebase.googleapis.com/v1beta1/projects [omitted]
[debug] [2026-08-07T04:59:47.902Z] ExitPromptError: User force closed the prompt with SIGINT
    at Interface.sigint (/opt/homebrew/lib/node_modules/firebase-tools/node_modules/@inquirer/core/dist/commonjs/lib/create-prompt.js:101:37)
    at Interface.emit (node:events:509:20)
    at [_ttyWrite] [as _ttyWrite] (node:internal/readline/interface:1327:18)
    at ReadStream.onkeypress (node:internal/readline/interface:284:20)
    at ReadStream.emit (node:events:521:24)
    at emitKeys (node:internal/readline/utils:371:14)
    at emitKeys.next (<anonymous>)
    at ReadStream.onData (node:internal/readline/emitKeypressEvents:64:36)
    at ReadStream.emit (node:events:509:20)
    at addChunk (node:internal/streams/readable:564:12)
[error] 
[error] Error: An unexpected error has occurred.
[debug] [2026-08-07T04:59:50.558Z] ----------------------------------------------------------------------
[debug] [2026-08-07T04:59:50.565Z] Command:       /opt/homebrew/Cellar/node/25.9.0_2/bin/node /opt/homebrew/bin/firebase init
[debug] [2026-08-07T04:59:50.565Z] CLI Version:   15.26.0
[debug] [2026-08-07T04:59:50.565Z] Platform:      darwin
[debug] [2026-08-07T04:59:50.565Z] Node Version:  v25.9.0
[debug] [2026-08-07T04:59:50.565Z] Detected Agent: unknown
[debug] [2026-08-07T04:59:50.566Z] Time:          Fri Aug 07 2026 14:59:50 GMT+1000 (Australian Eastern Standard Time)
[debug] [2026-08-07T04:59:50.566Z] ----------------------------------------------------------------------
[debug] 
[info] 
     ######## #### ########  ######## ########     ###     ######  ########
     ##        ##  ##     ## ##       ##     ##  ##   ##  ##       ##
     ######    ##  ########  ######   ########  #########  ######  ######
     ##        ##  ##    ##  ##       ##     ## ##     ##       ## ##
     ##       #### ##     ## ######## ########  ##     ##  ######  ########

You're about to initialize a Firebase project in this directory:

  /Users/irisneerakal/ribe/mobile

[info] 
=== Project Setup
[info] 
[info] First, let's associate this project directory with a Firebase project.
[info] You can create multiple project aliases by running firebase use --add, 
[info] 
[info] i  If you want to create a project in a Google Cloud organization or folder, please use "firebase projects:create" instead, and return to this command when you've created the project. 
[debug] [2026-08-07T05:00:03.279Z] > command requires scopes: ["email","openid","https://www.googleapis.com/auth/cloudplatformprojects.readonly","https://www.googleapis.com/auth/firebase","https://www.googleapis.com/auth/cloud-platform"]
[debug] [2026-08-07T05:00:03.279Z] > authorizing via signed-in user (irisneerakal98@gmail.com)
[debug] [2026-08-07T05:00:18.724Z] ExitPromptError: User force closed the prompt with SIGINT
    at Interface.sigint (/opt/homebrew/lib/node_modules/firebase-tools/node_modules/@inquirer/core/dist/commonjs/lib/create-prompt.js:101:37)
    at Interface.emit (node:events:509:20)
    at [_ttyWrite] [as _ttyWrite] (node:internal/readline/interface:1327:18)
    at ReadStream.onkeypress (node:internal/readline/interface:284:20)
    at ReadStream.emit (node:events:521:24)
    at emitKeys (node:internal/readline/utils:371:14)
    at emitKeys.next (<anonymous>)
    at ReadStream.onData (node:internal/readline/emitKeypressEvents:64:36)
    at ReadStream.emit (node:events:509:20)
    at addChunk (node:internal/streams/readable:564:12)
[error] 
[error] Error: An unexpected error has occurred.
